[
  "[    0.000000] Initializing cgroup subsys cpuset",
  "[    0.000000] Initializing cgroup subsys cpu",
  "[    0.000000] Initializing cgroup subsys cpuacct",
  "[    0.000000] Linux version 4.4.0-101-generic (buildd@lcy01-amd64-006) (gcc version 5.4.0 20160609 (Ubuntu 5.4.0-6ubuntu1~16.04.5) ) #124-Ubuntu SMP Fri Nov 10 18:29:59 UTC 2017 (Ubuntu 4.4.0-101.124-generic 4.4.95)",
  "[    0.000000] Command line: BOOT_IMAGE=/vmlinuz-4.4.0-101-generic root=/dev/mapper/vagrant--vg-root ro quiet",
  "[    0.000000] KERNEL supported cpus:",
  "[    0.000000]   Intel GenuineIntel",
  "[    0.000000]   AMD AuthenticAMD",
  "[    0.000000]   Centaur CentaurHauls",
  "[    0.000000] Disabled fast string operations",
  "[    0.000000] x86/fpu: xstate_offset[2]:  576, xstate_sizes[2]:  256",
  "[    0.000000] x86/fpu: xstate_offset[3]:  960, xstate_sizes[3]:   64",
  "[    0.000000] x86/fpu: xstate_offset[4]: 1024, xstate_sizes[4]:   64",
  "[    0.000000] x86/fpu: Supporting XSAVE feature 0x01: 'x87 floating point registers'",
  "[    0.000000] x86/fpu: Supporting XSAVE feature 0x02: 'SSE registers'",
  "[    0.000000] x86/fpu: Supporting XSAVE feature 0x04: 'AVX registers'",
  "[    0.000000] x86/fpu: Supporting XSAVE feature 0x08: 'MPX bounds registers'",
  "[    0.000000] x86/fpu: Supporting XSAVE feature 0x10: 'MPX CSR'",
  "[    0.000000] x86/fpu: Enabled xstate features 0x1f, context size is 1088 bytes, using 'standard' format.",
  "[    0.000000] x86/fpu: Using 'eager' FPU context switches.",
  "[    0.000000] e820: BIOS-provided physical RAM map:",
  "[    0.000000] BIOS-e820: [mem 0x0000000000000000-0x000000000009ebff] usable",
  "[    0.000000] BIOS-e820: [mem 0x000000000009ec00-0x000000000009ffff] reserved",
  "[    0.000000] BIOS-e820: [mem 0x00000000000dc000-0x00000000000fffff] reserved",
  "[    0.000000] BIOS-e820: [mem 0x0000000000100000-0x00000000bfecffff] usable",
  "[    0.000000] BIOS-e820: [mem 0x00000000bfed0000-0x00000000bfefefff] ACPI data",
  "[    0.000000] BIOS-e820: [mem 0x00000000bfeff000-0x00000000bfefffff] ACPI NVS",
  "[    0.000000] BIOS-e820: [mem 0x00000000bff00000-0x00000000bfffffff] usable",
  "[    0.000000] BIOS-e820: [mem 0x00000000f0000000-0x00000000f7ffffff] reserved",
  "[    0.000000] BIOS-e820: [mem 0x00000000fec00000-0x00000000fec0ffff] reserved",
  "[    0.000000] BIOS-e820: [mem 0x00000000fee00000-0x00000000fee00fff] reserved",
  "[    0.000000] BIOS-e820: [mem 0x00000000fffe0000-0x00000000ffffffff] reserved",
  "[    0.000000] BIOS-e820: [mem 0x0000000100000000-0x000000023fffffff] usable",
  "[    0.000000] NX (Execute Disable) protection: active",
  "[    0.000000] SMBIOS 2.4 present.",
  "[    0.000000] DMI: VMware, Inc. VMware Virtual Platform/440BX Desktop Reference Platform, BIOS 6.00 05/19/2017",
  "[    0.000000] Hypervisor detected: VMware",
  "[    0.000000] e820: update [mem 0x00000000-0x00000fff] usable ==> reserved",
  "[    0.000000] e820: remove [mem 0x000a0000-0x000fffff] usable",
  "[    0.000000] e820: last_pfn = 0x240000 max_arch_pfn = 0x400000000",
  "[    0.000000] MTRR default type: uncachable",
  "[    0.000000] MTRR fixed ranges enabled:",
  "[    0.000000]   00000-9FFFF write-back",
  "[    0.000000]   A0000-BFFFF uncachable",
  "[    0.000000]   C0000-CBFFF write-protect",
  "[    0.000000]   CC000-EFFFF uncachable",
  "[    0.000000]   F0000-FFFFF write-protect",
  "[    0.000000] MTRR variable ranges enabled:",
  "[    0.000000]   0 base 000C0000000 mask 7FFC0000000 uncachable",
  "[    0.000000]   1 base 00000000000 mask 7C000000000 write-back",
  "[    0.000000]   2 disabled",
  "[    0.000000]   3 disabled",
  "[    0.000000]   4 disabled",
  "[    0.000000]   5 disabled",
  "[    0.000000]   6 disabled",
  "[    0.000000]   7 disabled",
  "[    0.000000] PM: Registered nosave memory: [mem 0xfec00000-0xfec0ffff]",
  "[    0.000000] PM: Registered nosave memory: [mem 0xfec10000-0xfedfffff]",
  "[    0.000000] PM: Registered nosave memory: [mem 0xfee00000-0xfee00fff]",
  "[    0.000000] PM: Registered nosave memory: [mem 0xfee01000-0xfffdffff]",
  "[    0.000000] PM: Registered nosave memory: [mem 0xfffe0000-0xffffffff]",
  "[    0.000000] e820: [mem 0xc0000000-0xefffffff] available for PCI devices",
  "[    0.000000] Booting paravirtualized kernel on bare hardware",
  "[    0.000000] clocksource: refined-jiffies: mask: 0xffffffff max_cycles: 0xffffffff, max_idle_ns: 7645519600211568 ns",
  "[    0.000000] setup_percpu: NR_CPUS:512 nr_cpumask_bits:512 nr_cpu_ids:128 nr_node_ids:1",
  "[    0.000000] PERCPU: Embedded 34 pages/cpu @ffff880235600000 s98328 r8192 d32744 u262144",
  "[    0.000000] pcpu-alloc: s98328 r8192 d32744 u262144 alloc=1*2097152",
  "[    0.000000] pcpu-alloc: [0] 000 001 002 003 004 005 006 007 ",
  "[    0.000000] pcpu-alloc: [0] 008 009 010 011 012 013 014 015 ",
  "[    0.000000] pcpu-alloc: [0] 016 017 018 019 020 021 022 023 ",
  "[    0.000000] pcpu-alloc: [0] 024 025 026 027 028 029 030 031 ",
  "[    0.000000] pcpu-alloc: [0] 032 033 034 035 036 037 038 039 ",
  "[    0.000000] pcpu-alloc: [0] 040 041 042 043 044 045 046 047 ",
  "[    0.000000] pcpu-alloc: [0] 048 049 050 051 052 053 054 055 ",
  "[    0.000000] pcpu-alloc: [0] 056 057 058 059 060 061 062 063 ",
  "[    0.000000] pcpu-alloc: [0] 064 065 066 067 068 069 070 071 ",
  "[    0.000000] pcpu-alloc: [0] 072 073 074 075 076 077 078 079 ",
  "[    0.000000] pcpu-alloc: [0] 080 081 082 083 084 085 086 087 ",
  "[    0.000000] pcpu-alloc: [0] 088 089 090 091 092 093 094 095 ",
  "[    0.000000] pcpu-alloc: [0] 096 097 098 099 100 101 102 103 ",
  "[    0.000000] pcpu-alloc: [0] 104 105 106 107 108 109 110 111 ",
  "[    0.000000] pcpu-alloc: [0] 112 113 114 115 116 117 118 119 ",
  "[    0.000000] pcpu-alloc: [0] 120 121 122 123 124 125 126 127 ",
  "[    0.000000] Built 1 zonelists in Node order, mobility grouping on.  Total pages: 2064216",
  "[    0.000000] Policy zone: Normal",
  "[    0.000000] Kernel command line: BOOT_IMAGE=/vmlinuz-4.4.0-101-generic root=/dev/mapper/vagrant--vg-root ro quiet",
  "[    0.000000] log_buf_len individual max cpu contribution: 4096 bytes",
  "[    0.000000] log_buf_len total cpu_extra contributions: 520192 bytes",
  "[    0.000000] log_buf_len min size: 262144 bytes",
  "[    0.000000] log_buf_len: 1048576 bytes",
  "[    0.000000] early log buf free: 224340(85%)",
  "[    0.000000] PID hash table entries: 4096 (order: 3, 32768 bytes)",
  "[    0.000000] Calgary: detecting Calgary via BIOS EBDA area",
  "[    0.000000] Calgary: Unable to locate Rio Grande table in EBDA - bailing!",
  "[    0.000000] Memory: 8112716K/8388020K available (8484K kernel code, 1294K rwdata, 3988K rodata, 1492K init, 1316K bss, 275304K reserved, 0K cma-reserved)",
  "[    0.000000] SLUB: HWalign=64, Order=0-3, MinObjects=0, CPUs=128, Nodes=1",
  "[    0.000000] Hierarchical RCU implementation.",
  "[    0.000000] \tBuild-time adjustment of leaf fanout to 64.",
  "[    0.000000] \tRCU restricting CPUs from NR_CPUS=512 to nr_cpu_ids=128.",
  "[    0.000000] RCU: Adjusting geometry for rcu_fanout_leaf=64, nr_cpu_ids=128",
  "[    0.000000] NR_IRQS:33024 nr_irqs:1448 16",
  "[    0.000000] Console: colour VGA+ 80x25",
  "[    0.000000] console [tty0] enabled",
  "[    0.000000] TSC freq read from hypervisor : 2208.002 MHz",
  "[    0.000000] tsc: Detected 2208.002 MHz processor",
  "[    0.000181] Calibrating delay loop (skipped) preset value.. 4416.00 BogoMIPS (lpj=8832008)",
  "[    0.000186] pid_max: default: 131072 minimum: 1024",
  "[    0.000202] ACPI: Core revision 20150930",
  "[    0.050826] ACPI: 1 ACPI AML tables successfully acquired and loaded",
  "[    0.051018] Security Framework initialized",
  "[    0.051022] Yama: becoming mindful.",
  "[    0.060129] AppArmor: AppArmor initialized",
  "[    0.061259] Dentry cache hash table entries: 1048576 (order: 11, 8388608 bytes)",
  "[    0.123058] Inode-cache hash table entries: 524288 (order: 10, 4194304 bytes)",
  "[    0.153633] Mount-cache hash table entries: 16384 (order: 5, 131072 bytes)",
  "[    0.153650] Mountpoint-cache hash table entries: 16384 (order: 5, 131072 bytes)",
  "[    0.157664] Initializing cgroup subsys io",
  "[    0.157670] Initializing cgroup subsys memory",
  "[    0.157692] Initializing cgroup subsys devices",
  "[    0.157695] Initializing cgroup subsys freezer",
  "[    0.157698] Initializing cgroup subsys net_cls",
  "[    0.157701] Initializing cgroup subsys perf_event",
  "[    0.157709] Initializing cgroup subsys net_prio",
  "[    0.157981] Initializing cgroup subsys hugetlb",
  "[    0.157985] Initializing cgroup subsys pids",
  "[    0.158112] Disabled fast string operations",
  "[    0.158118] CPU: Physical Processor ID: 0",
  "[    0.159856] mce: CPU supports 8 MCE banks",
  "[    0.160044] Last level iTLB entries: 4KB 64, 2MB 8, 4MB 8",
  "[    0.160046] Last level dTLB entries: 4KB 64, 2MB 0, 4MB 0, 1GB 4",
  "[    0.161924] Freeing SMP alternatives memory: 32K",
  "[    0.171209] ftrace: allocating 32156 entries in 126 pages",
  "[    0.223515] smpboot: APIC(0) Converting physical 0 to logical package 0",
  "[    0.223519] smpboot: APIC(2) Converting physical 2 to logical package 1",
  "[    0.223521] smpboot: Max logical packages: 128",
  "[    0.223957] x2apic enabled",
  "[    0.224674] Switched APIC routing to physical x2apic.",
  "[    0.227308] ..TIMER: vector=0x30 apic1=0 pin1=2 apic2=-1 pin2=-1",
  "[    0.267154] TSC deadline timer enabled",
  "[    0.267171] smpboot: CPU0: Intel(R) Core(TM) i7-6560U CPU @ 2.20GHz (family: 0x6, model: 0x4e, stepping: 0x3)",
  "[    0.267200] Performance Events: 32-deep LBR, Skylake events, core PMU driver.",
  "[    0.267226] core: CPUID marked event: 'cpu cycles' unavailable",
  "[    0.267227] core: CPUID marked event: 'instructions' unavailable",
  "[    0.267229] core: CPUID marked event: 'bus cycles' unavailable",
  "[    0.267230] core: CPUID marked event: 'cache references' unavailable",
  "[    0.267231] core: CPUID marked event: 'cache misses' unavailable",
  "[    0.267232] core: CPUID marked event: 'branch instructions' unavailable",
  "[    0.267233] core: CPUID marked event: 'branch misses' unavailable",
  "[    0.267237] ... version:                1",
  "[    0.267239] ... bit width:              48",
  "[    0.267240] ... generic registers:      4",
  "[    0.267241] ... value mask:             0000ffffffffffff",
  "[    0.267243] ... max period:             000000007fffffff",
  "[    0.267244] ... fixed-purpose events:   0",
  "[    0.267245] ... event mask:             000000000000000f",
  "[    0.275358] NMI watchdog: disabled (cpu0): hardware events not enabled",
  "[    0.275362] NMI watchdog: Shutting down hard lockup detector on all cpus",
  "[    0.289903] x86: Booting SMP configuration:",
  "[    0.289909] .... node  #0, CPUs:          #1",
  "[    0.291745] Disabled fast string operations",
  "[    0.293275] x86: Booted up 1 node, 2 CPUs",
  "[    0.293279] smpboot: Total of 2 processors activated (8832.00 BogoMIPS)",
  "[    0.295968] devtmpfs: initialized",
  "[    0.303080] evm: security.selinux",
  "[    0.303083] evm: security.SMACK64",
  "[    0.303084] evm: security.SMACK64EXEC",
  "[    0.303085] evm: security.SMACK64TRANSMUTE",
  "[    0.303086] evm: security.SMACK64MMAP",
  "[    0.303087] evm: security.ima",
  "[    0.303089] evm: security.capability",
  "[    0.303369] PM: Registering ACPI NVS region [mem 0xbfeff000-0xbfefffff] (4096 bytes)",
  "[    0.303568] clocksource: jiffies: mask: 0xffffffff max_cycles: 0xffffffff, max_idle_ns: 7645041785100000 ns",
  "[    0.303815] futex hash table entries: 32768 (order: 9, 2097152 bytes)",
  "[    0.319450] pinctrl core: initialized pinctrl subsystem",
  "[    0.319859] RTC time:  0:44:08, date: 11/25/17",
  "[    0.323007] NET: Registered protocol family 16",
  "[    0.335642] cpuidle: using governor ladder",
  "[    0.348961] cpuidle: using governor menu",
  "[    0.348977] PCCT header not found.",
  "[    0.349040] Simple Boot Flag at 0x36 set to 0x80",
  "[    0.349150] ACPI: bus type PCI registered",
  "[    0.349154] acpiphp: ACPI Hot Plug PCI Controller Driver version: 0.5",
  "[    0.349987] PCI: MMCONFIG for domain 0000 [bus 00-7f] at [mem 0xf0000000-0xf7ffffff] (base 0xf0000000)",
  "[    0.349991] PCI: MMCONFIG at [mem 0xf0000000-0xf7ffffff] reserved in E820",
  "[    0.349996] pmd_set_huge: Cannot satisfy [mem 0xf0000000-0xf0200000] with a huge-page mapping due to MTRR override.",
  "[    0.352353] PCI: Using configuration type 1 for base access",
  "[    0.371203] ACPI: Added _OSI(Module Device)",
  "[    0.371207] ACPI: Added _OSI(Processor Device)",
  "[    0.371209] ACPI: Added _OSI(3.0 _SCP Extensions)",
  "[    0.371211] ACPI: Added _OSI(Processor Aggregator Device)",
  "[    0.397750] [Firmware Bug]: ACPI: BIOS _OSI(Linux) query ignored",
  "[    0.425157] ACPI: Interpreter enabled",
  "[    0.425201] ACPI: (supports S0 S1 S4 S5)",
  "[    0.425204] ACPI: Using IOAPIC for interrupt routing",
  "[    0.425247] PCI: Using host bridge windows from ACPI; if necessary, use \"pci=nocrs\" and report a bug",
  "[    0.683235] ACPI: PCI Root Bridge [PCI0] (domain 0000 [bus 00-7f])",
  "[    0.683249] acpi PNP0A03:00: _OSC: OS supports [ExtendedConfig ASPM ClockPM Segments MSI]",
  "[    0.683549] acpi PNP0A03:00: _OSC: platform does not support [AER]",
  "[    0.683885] acpi PNP0A03:00: _OSC: OS now controls [PCIeHotplug PME PCIeCapability]",
  "[    0.686978] PCI host bridge to bus 0000:00",
  "[    0.686984] pci_bus 0000:00: root bus resource [mem 0x000a0000-0x000bffff window]",
  "[    0.686987] pci_bus 0000:00: root bus resource [mem 0x000cc000-0x000cffff window]",
  "[    0.686989] pci_bus 0000:00: root bus resource [mem 0x000d0000-0x000d3fff window]",
  "[    0.686991] pci_bus 0000:00: root bus resource [mem 0x000d4000-0x000d7fff window]",
  "[    0.686993] pci_bus 0000:00: root bus resource [mem 0x000d8000-0x000dbfff window]",
  "[    0.686995] pci_bus 0000:00: root bus resource [mem 0xc0000000-0xfebfffff window]",
  "[    0.686998] pci_bus 0000:00: root bus resource [io  0x0000-0x0cf7 window]",
  "[    0.687000] pci_bus 0000:00: root bus resource [io  0x0d00-0xfeff window]",
  "[    0.687003] pci_bus 0000:00: root bus resource [bus 00-7f]",
  "[    0.687110] pci 0000:00:00.0: [8086:7190] type 00 class 0x060000",
  "[    0.688389] pci 0000:00:01.0: [8086:7191] type 01 class 0x060400",
  "[    0.689332] pci 0000:00:07.0: [8086:7110] type 00 class 0x060100",
  "[    0.690674] pci 0000:00:07.1: [8086:7111] type 00 class 0x01018a",
  "[    0.751283] pci 0000:00:18.5: [15ad:07a0] type 01 class 0x060400",
  "[    0.752481] pci 0000:00:18.5: PME# supported from D0 D3hot D3cold",
  "[    0.752936] pci 0000:00:18.5: System wakeup disabled by ACPI",
  "[    0.753223] pci 0000:00:18.6: [15ad:07a0] type 01 class 0x060400",
  "[    0.754432] pci 0000:00:18.6: PME# supported from D0 D3hot D3cold",
  "[    0.754738] pci 0000:00:18.6: System wakeup disabled by ACPI",
  "[    0.755059] pci 0000:00:18.7: [15ad:07a0] type 01 class 0x060400",
  "[    0.755894] pci 0000:00:18.7: PME# supported from D0 D3hot D3cold",
  "[    0.756028] pci 0000:00:18.7: System wakeup disabled by ACPI",
  "[    0.756553] pci 0000:00:01.0: PCI bridge to [bus 01]",
  "[    0.757445] acpiphp: Slot [32] registered",
  "[    0.757497] acpiphp: Slot [33] registered",
  "[    0.757514] acpiphp: Slot [34] registered",
  "[    0.757530] acpiphp: Slot [35] registered",
  "[    0.757545] acpiphp: Slot [36] registered",
  "[    0.757561] acpiphp: Slot [37] registered",
  "[    0.757576] acpiphp: Slot [38] registered",
  "[    0.757592] acpiphp: Slot [39] registered",
  "[    0.757608] acpiphp: Slot [40] registered",
  "[    0.757623] acpiphp: Slot [41] registered",
  "[    0.757639] acpiphp: Slot [42] registered",
  "[    0.757655] acpiphp: Slot [43] registered",
  "[    0.757729] acpiphp: Slot [44] registered",
  "[    0.757746] acpiphp: Slot [45] registered",
  "[    0.757762] acpiphp: Slot [46] registered",
  "[    0.757992] acpiphp: Slot [58] registered",
  "[    0.758009] acpiphp: Slot [59] registered",
  "[    0.758024] acpiphp: Slot [60] registered",
  "[    0.758055] acpiphp: Slot [61] registered",
  "[    0.758071] acpiphp: Slot [62] registered",
  "[    0.758087] acpiphp: Slot [63] registered",
  "[    0.758371] pci 0000:00:11.0: PCI bridge to [bus 02] (subtractive decode)",
  "[    0.758390] pci 0000:00:11.0:   bridge window [io  0x2000-0x3fff]",
  "[    0.758427] pci 0000:00:11.0:   bridge window [mem 0xfd600000-0xfdffffff]",
  "[    0.758496] pci 0000:00:11.0:   bridge window [mem 0xe7b00000-0xe7ffffff 64bit pref]",
  "[    0.758500] pci 0000:00:11.0:   bridge window [mem 0x000a0000-0x000bffff window] (subtractive decode)",
  "[    0.758502] pci 0000:00:11.0:   bridge window [mem 0x000cc000-0x000cffff window] (subtractive decode)",
  "[    0.758504] pci 0000:00:11.0:   bridge window [mem 0x000d0000-0x000d3fff window] (subtractive decode)",
  "[    0.758506] pci 0000:00:11.0:   bridge window [mem 0x000d4000-0x000d7fff window] (subtractive decode)",
  "[    0.758508] pci 0000:00:11.0:   bridge window [mem 0x000d8000-0x000dbfff window] (subtractive decode)",
  "[    0.758510] pci 0000:00:11.0:   bridge window [mem 0xc0000000-0xfebfffff window] (subtractive decode)",
  "[    0.758512] pci 0000:00:11.0:   bridge window [io  0x0000-0x0cf7 window] (subtractive decode)",
  "[    0.758515] pci 0000:00:11.0:   bridge window [io  0x0d00-0xfeff window] (subtractive decode)",
  "[    0.759264] pci 0000:03:00.0: [15ad:07b0] type 00 class 0x020000",
  "[    0.762563] pci 0000:03:00.0: reg 0x10: [mem 0xfd5fc000-0xfd5fcfff]",
  "[    0.765841] pci 0000:03:00.0: reg 0x14: [mem 0xfd5fd000-0xfd5fdfff]",
  "[    0.768950] pci 0000:03:00.0: reg 0x18: [mem 0xfd5fe000-0xfd5fffff]",
  "[    0.772077] pci 0000:03:00.0: reg 0x1c: [io  0x4000-0x400f]",
  "[    0.781307] pci 0000:03:00.0: reg 0x30: [mem 0x00000000-0x0000ffff pref]",
  "[    0.781925] pci 0000:03:00.0: supports D1 D2",
  "[    0.781929] pci 0000:03:00.0: PME# supported from D0 D1 D2 D3hot D3cold",
  "[    0.782286] pci 0000:03:00.0: System wakeup disabled by ACPI",
  "[    0.805914] pci 0000:00:18.6:   bridge window [mem 0xe6000000-0xe60fffff 64bit pref]",
  "[    0.806493] pci 0000:00:18.7: PCI bridge to [bus 22]",
  "[    0.806568] pci 0000:00:18.7:   bridge window [mem 0xfb600000-0xfb6fffff]",
  "[    0.806637] pci 0000:00:18.7:   bridge window [mem 0xe5c00000-0xe5cfffff 64bit pref]",
  "[    0.810622] ACPI: PCI Interrupt Link [LNKA] (IRQs 3 4 5 6 7 *9 10 11 14 15)",
  "[    0.810761] ACPI: PCI Interrupt Link [LNKB] (IRQs 3 4 5 6 7 9 10 *11 14 15)",
  "[    0.810889] ACPI: PCI Interrupt Link [LNKC] (IRQs 3 4 5 6 7 9 *10 11 14 15)",
  "[    0.811017] ACPI: PCI Interrupt Link [LNKD] (IRQs 3 4 5 6 7 9 10 11 14 15) *0, disabled.",
  "[    0.864530] ACPI: Enabled 2 GPEs in block 00 to 0F",
  "[    0.865357] vgaarb: setting as boot device: PCI:0000:00:0f.0",
  "[    0.865363] vgaarb: device added: PCI:0000:00:0f.0,decodes=io+mem,owns=io+mem,locks=none",
  "[    0.865375] vgaarb: loaded",
  "[    0.865376] vgaarb: bridge control possible 0000:00:0f.0",
  "[    0.866098] SCSI subsystem initialized",
  "[    0.866492] libata version 3.00 loaded.",
  "[    0.866816] ACPI: bus type USB registered",
  "[    0.866842] usbcore: registered new interface driver usbfs",
  "[    0.866855] usbcore: registered new interface driver hub",
  "[    0.866947] usbcore: registered new device driver usb",
  "[    0.868145] PCI: Using ACPI for IRQ routing",
  "[    0.917036] PCI: pci_cache_line_size set to 64 bytes",
  "[    0.918493] e820: reserve RAM buffer [mem 0x0009ec00-0x0009ffff]",
  "[    0.918498] e820: reserve RAM buffer [mem 0xbfed0000-0xbfffffff]",
  "[    0.918917] NetLabel: Initializing",
  "[    0.918919] NetLabel:  domain hash size = 128",
  "[    0.918921] NetLabel:  protocols = UNLABELED CIPSOv4",
  "[    0.919197] NetLabel:  unlabeled traffic allowed by default",
  "[    0.919510] amd_nb: Cannot enumerate AMD northbridges",
  "[    0.919632] clocksource: Switched to clocksource refined-jiffies",
  "[    0.977701] AppArmor: AppArmor Filesystem Enabled",
  "[    0.977833] pnp: PnP ACPI init",
  "[    0.978087] system 00:00: [io  0x1000-0x103f] could not be reserved",
  "[    0.978090] system 00:00: [io  0x1040-0x104f] has been reserved",
  "[    0.978093] system 00:00: [io  0x0cf0-0x0cf1] has been reserved",
  "[    0.978097] system 00:00: Plug and Play ACPI device, IDs PNP0c02 (active)",
  "[    0.978181] pnp 00:01: Plug and Play ACPI device, IDs PNP0b00 (active)",
  "[    0.978206] pnp 00:02: Plug and Play ACPI device, IDs PNP0303 (active)",
  "[    0.978227] pnp 00:03: Plug and Play ACPI device, IDs VMW0003 PNP0f13 (active)",
  "[    0.981134] system 00:04: [io  0xfce0-0xfcff] has been reserved",
  "[    0.981139] system 00:04: [mem 0xf0000000-0xf7ffffff] has been reserved",
  "[    0.981142] system 00:04: [mem 0xfe800000-0xfe9fffff] has been reserved",
  "[    0.981145] system 00:04: Plug and Play ACPI device, IDs PNP0c02 (active)",
  "[    1.010776] pnp: PnP ACPI: found 5 devices",
  "[    1.030107] clocksource: acpi_pm: mask: 0xffffff max_cycles: 0xffffff, max_idle_ns: 2085701024 ns",
  "[    1.030208] clocksource: Switched to clocksource acpi_pm",
  "[    1.030357] pci 0000:00:15.0: bridge window [mem 0x00100000-0x000fffff 64bit pref] to [bus 03] add_size 200000 add_align 100000",
  "[    1.030490] pci 0000:00:15.3: bridge window [io  0x1000-0x0fff] to [bus 06] add_size 1000",
  "[    1.030536] pci 0000:00:15.4: bridge window [io  0x1000-0x0fff] to [bus 07] add_size 1000",
  "[    1.030581] pci 0000:00:15.5: bridge window [io  0x1000-0x0fff] to [bus 08] add_size 1000",
  "[    1.030656] pci 0000:00:15.6: bridge window [io  0x1000-0x0fff] to [bus 09] add_size 1000",
  "[    1.030718] pci 0000:00:15.7: bridge window [io  0x1000-0x0fff] to [bus 0a] add_size 1000",
  "[    1.030900] pci 0000:00:16.3: bridge window [io  0x1000-0x0fff] to [bus 0e] add_size 1000",
  "[    1.030947] pci 0000:00:16.4: bridge window [io  0x1000-0x0fff] to [bus 0f] add_size 1000",
  "[    1.030995] pci 0000:00:16.5: bridge window [io  0x1000-0x0fff] to [bus 10] add_size 1000",
  "[    1.031042] pci 0000:00:16.6: bridge window [io  0x1000-0x0fff] to [bus 11] add_size 1000",
  "[    1.031089] pci 0000:00:16.7: bridge window [io  0x1000-0x0fff] to [bus 12] add_size 1000",
  "[    1.031285] pci 0000:00:17.3: bridge window [io  0x1000-0x0fff] to [bus 16] add_size 1000",
  "[    1.031330] pci 0000:00:17.4: bridge window [io  0x1000-0x0fff] to [bus 17] add_size 1000",
  "[    1.031375] pci 0000:00:17.5: bridge window [io  0x1000-0x0fff] to [bus 18] add_size 1000",
  "[    1.031420] pci 0000:00:17.6: bridge window [io  0x1000-0x0fff] to [bus 19] add_size 1000",
  "[    3.108980] pciehp 0000:00:18.4:pcie04: service driver pciehp loaded",
  "[    3.109056] pciehp 0000:00:18.5:pcie04: Slot #261 AttnBtn+ PwrCtrl+ MRL- AttnInd- PwrInd- HotPlug+ Surprise- Interlock- NoCompl+ LLActRep+",
  "[    3.109200] pciehp 0000:00:18.5:pcie04: service driver pciehp loaded",
  "[    3.109262] pciehp 0000:00:18.6:pcie04: Slot #262 AttnBtn+ PwrCtrl+ MRL- AttnInd- PwrInd- HotPlug+ Surprise- Interlock- NoCompl+ LLActRep+",
  "[    3.109410] pciehp 0000:00:18.6:pcie04: service driver pciehp loaded",
  "[    3.109571] pciehp 0000:00:18.7:pcie04: Slot #263 AttnBtn+ PwrCtrl+ MRL- AttnInd- PwrInd- HotPlug+ Surprise- Interlock- NoCompl+ LLActRep+",
  "[    3.109734] pciehp 0000:00:18.7:pcie04: service driver pciehp loaded",
  "[    3.109745] pciehp: PCI Express Hot Plug Controller Driver version: 0.4",
  "[    3.109886] intel_idle: does not run on family 6 model 78",
  "[    3.110198] ACPI: AC Adapter [ACAD] (on-line)",
  "[    3.110548] input: Power Button as /devices/LNXSYSTM:00/LNXPWRBN:00/input/input0",
  "[    3.110554] ACPI: Power Button [PWRF]",
  "[    3.112148] GHES: HEST is not enabled!",
  "[    3.112413] Serial: 8250/16550 driver, 32 ports, IRQ sharing enabled",
  "[    3.114708] Linux agpgart interface v0.103",
  "[    3.114916] agpgart-intel 0000:00:00.0: Intel 440BX Chipset",
  "[    3.115940] agpgart-intel 0000:00:00.0: AGP aperture is 256M @ 0x0",
  "[    3.124697] loop: module loaded",
  "[    3.124993] ata_piix 0000:00:07.1: version 2.13",
  "[    3.125908] scsi host0: ata_piix",
  "[    3.126133] scsi host1: ata_piix",
  "[    3.126179] ata1: PATA max UDMA/33 cmd 0x1f0 ctl 0x3f6 bmdma 0x1060 irq 14",
  "[    3.126181] ata2: PATA max UDMA/33 cmd 0x170 ctl 0x376 bmdma 0x1068 irq 15",
  "[    3.126303] libphy: Fixed MDIO Bus: probed",
  "[    3.126308] tun: Universal TUN/TAP device driver, 1.6",
  "[    3.126309] tun: (C) 1999-2004 Max Krasnyansky <maxk@qualcomm.com>",
  "[    3.126681] PPP generic driver version 2.4.2",
  "[    3.126763] ehci_hcd: USB 2.0 'Enhanced' Host Controller (EHCI) Driver",
  "[    3.126770] ehci-pci: EHCI PCI platform driver",
  "[    3.126786] ehci-platform: EHCI generic platform driver",
  "[    3.126798] ohci_hcd: USB 1.1 'Open' Host Controller (OHCI) Driver",
  "[    3.126804] ohci-pci: OHCI PCI platform driver",
  "[    3.126819] ohci-platform: OHCI generic platform driver",
  "[    3.126829] uhci_hcd: USB Universal Host Controller Interface driver",
  "[    3.126908] i8042: PNP: PS/2 Controller [PNP0303:KBC,PNP0f13:MOUS] at 0x60,0x64 irq 1,12",
  "[    3.128340] serio: i8042 KBD port at 0x60,0x64 irq 1",
  "[    3.128347] serio: i8042 AUX port at 0x60,0x64 irq 12",
  "[    3.128677] mousedev: PS/2 mouse device common for all mice",
  "[    3.149961] rtc_cmos 00:01: rtc core: registered rtc_cmos as rtc0",
  "[    3.150022] rtc_cmos 00:01: alarms up to one month, y3k, 114 bytes nvram",
  "[    3.150042] i2c /dev entries driver",
  "[    3.150395] device-mapper: uevent: version 1.0.3",
  "[    3.150562] device-mapper: ioctl: 4.34.0-ioctl (2015-10-28) initialised: dm-devel@redhat.com",
  "[    3.150861] ledtrig-cpu: registered to indicate activity on CPUs",
  "[    3.151581] input: AT Translated Set 2 keyboard as /devices/platform/i8042/serio0/input/input1",
  "[    3.152656] NET: Registered protocol family 10",
  "[    3.155239] NET: Registered protocol family 17",
  "[    3.155263] Key type dns_resolver registered",
  "[    3.156045] microcode: CPU0 sig=0x406e3, pf=0x1, revision=0xba",
  "[    3.156059] microcode: CPU1 sig=0x406e3, pf=0x1, revision=0xba",
  "[    3.156110] microcode: Microcode Update Driver: v2.01 <tigran@aivazian.fsnet.co.uk>, Peter Oruba",
  "[    3.156841] registered taskstats version 1",
  "[    3.156876] Loading compiled-in X.509 certificates",
  "[    3.158210] Loaded X.509 cert 'Build time autogenerated kernel key: f91c6829a34a801956ec6287af569c0a1f1f8d39'",
  "[    3.158265] zswap: loaded using pool lzo/zbud",
  "[    3.163168] Key type trusted registered",
  "[    3.172193] Key type encrypted registered",
  "[    3.172208] AppArmor: AppArmor sha1 policy hashing enabled",
  "[    3.172215] ima: No TPM chip found, activating TPM-bypass!",
  "[    3.172244] evm: HMAC attrs: 0x1",
  "[    3.179172]   Magic number: 9:590:709",
  "[    3.179400] acpi LNXCPU:46: hash matches",
  "[    3.179703] rtc_cmos 00:01: setting system clock to 2017-11-25 00:44:11 UTC (1511570651)",
  "[    3.180191] BIOS EDD facility v0.16 2004-Jun-25, 0 devices found",
  "[    3.180194] EDD information not available.",
  "[    3.180700] PM: Hibernation image not present or could not be loaded.",
  "[    3.295437] ata2.00: ATAPI: VMware Virtual IDE CDROM Drive, 00000001, max UDMA/33",
  "[    3.310973] ata2.00: configured for UDMA/33",
  "[    3.313475] scsi 1:0:0:0: CD-ROM            NECVMWar VMware IDE CDR10 1.00 PQ: 0 ANSI: 5",
  "[    3.324145] sr 1:0:0:0: [sr0] scsi3-mmc drive: 1x/1x writer dvd-ram cd/rw xa/form2 cdda tray",
  "[    3.324153] cdrom: Uniform CD-ROM driver Revision: 3.20",
  "[    3.324915] sr 1:0:0:0: Attached scsi CD-ROM sr0",
  "[    3.325703] sr 1:0:0:0: Attached scsi generic sg0 type 5",
  "[    3.329006] Freeing unused kernel memory: 1492K",
  "[    3.329012] Write protecting the kernel read-only data: 14336k",
  "[    3.330513] Freeing unused kernel memory: 1744K",
  "[    3.331318] Freeing unused kernel memory: 108K",
  "[    3.374745] random: udevadm: uninitialized urandom read (16 bytes read, 3 bits of entropy available)",
  "[    3.374773] random: udevadm: uninitialized urandom read (16 bytes read, 3 bits of entropy available)",
  "[    3.374800] random: systemd-udevd: uninitialized urandom read (16 bytes read, 3 bits of entropy available)",
  "[    3.374889] random: systemd-udevd: uninitialized urandom read (16 bytes read, 3 bits of entropy available)",
  "[    3.374904] random: systemd-udevd: uninitialized urandom read (16 bytes read, 3 bits of entropy available)",
  "[    3.374921] random: systemd-udevd: uninitialized urandom read (16 bytes read, 3 bits of entropy available)",
  "[    3.388252] random: systemd-udevd: uninitialized urandom read (16 bytes read, 3 bits of entropy available)",
  "[    3.388284] random: systemd-udevd: uninitialized urandom read (16 bytes read, 3 bits of entropy available)",
  "[    3.388296] random: systemd-udevd: uninitialized urandom read (16 bytes read, 3 bits of entropy available)",
  "[    3.389028] random: systemd-udevd: uninitialized urandom read (16 bytes read, 3 bits of entropy available)",
  "[    3.600069] FUJITSU Extended Socket Network Device Driver - version 1.0 - Copyright (c) 2015 FUJITSU LIMITED",
  "[    3.837081] VMware vmxnet3 virtual NIC driver - version 1.4.7.0-k-NAPI",
  "[    3.837124] vmxnet3 0000:03:00.0: # of Tx queues : 2, # of Rx queues : 2",
  "[    3.853186] vmxnet3 0000:03:00.0 eth0: NIC Link is Up 10000 Mbps",
  "[    3.860438] Fusion MPT base driver 3.04.20",
  "[    3.860443] Copyright (c) 1999-2008 LSI Corporation",
  "[    3.866992] Fusion MPT SPI Host driver 3.04.20",
  "[    3.867755] mptbase: ioc0: Initiating bringup",
  "[    3.868185] [drm] Initialized drm 1.1.0 20060810",
  "[    3.893402] input: VirtualPS/2 VMware VMMouse as /devices/platform/i8042/serio1/input/input4",
  "[    3.893864] input: VirtualPS/2 VMware VMMouse as /devices/platform/i8042/serio1/input/input3",
  "[    3.951650] ioc0: LSI53C1030 B0: Capabilities={Initiator}",
  "[    3.953851] AVX2 version of gcm_enc/dec engaged.",
  "[    3.953872] AES CTR mode by8 optimization enabled",
  "[    3.985303] vmxnet3 0000:03:00.0 ens160: renamed from eth0",
  "[    4.129218] scsi host2: ioc0: LSI53C1030 B0, FwRev=01032920h, Ports=1, MaxQ=128, IRQ=17",
  "[    4.240494] scsi 2:0:0:0: Direct-Access     VMware,  VMware Virtual S 1.0  PQ: 0 ANSI: 2",
  "[    4.240594] scsi target2:0:0: Beginning Domain Validation",
  "[    4.242188] scsi target2:0:0: Domain Validation skipping write tests",
  "[    4.242194] scsi target2:0:0: Ending Domain Validation",
  "[    4.242340] scsi target2:0:0: FAST-40 WIDE SCSI 80.0 MB/s ST (25 ns, offset 127)",
  "[    4.251593] [drm] DMA map mode: Using physical TTM page addresses.",
  "[    4.252073] [drm] Capabilities:",
  "[    4.252078] [drm]   Rect copy.",
  "[    4.252080] [drm]   Cursor.",
  "[    4.252083] [drm]   Cursor bypass.",
  "[    4.252085] [drm]   Cursor bypass 2.",
  "[    4.252087] [drm]   8bit emulation.",
  "[    4.252089] [drm]   Alpha cursor.",
  "[    4.252091] [drm]   3D.",
  "[    4.252092] [drm]   Extended Fifo.",
  "[    4.252094] [drm]   Multimon.",
  "[    4.252096] [drm]   Pitchlock.",
  "[    4.252098] [drm]   Irq mask.",
  "[    4.252100] [drm]   Display Topology.",
  "[    4.252102] [drm]   GMR.",
  "[    4.252104] [drm]   Traces.",
  "[    4.252106] [drm]   GMR2.",
  "[    4.252108] [drm]   Screen Object 2.",
  "[    4.252110] [drm]   Command Buffers.",
  "[    4.252112] [drm]   Command Buffers 2.",
  "[    4.252114] [drm]   Guest Backed Resources.",
  "[    4.252116] [drm]   DX Features.",
  "[    4.252119] [drm] Max GMR ids is 64",
  "[    4.252122] [drm] Max number of GMR pages is 65536",
  "[    4.252125] [drm] Max dedicated hypervisor surface memory is 0 kiB",
  "[    4.252128] [drm] Maximum display memory size is 131072 kiB",
  "[    4.252131] [drm] VRAM at 0xe8000000 size is 4096 kiB",
  "[    4.252134] [drm] MMIO at 0xfe000000 size is 256 kiB",
  "[    4.252941] [drm] global init.",
  "[    4.253373] [TTM] Zone  kernel: Available graphics memory: 4078482 kiB",
  "[    4.253377] [TTM] Zone   dma32: Available graphics memory: 2097152 kiB",
  "[    4.253380] [TTM] Initializing pool allocator",
  "[    4.253393] [TTM] Initializing DMA pool allocator",
  "[    4.253768] [drm] Supports vblank timestamp caching Rev 2 (21.10.2013).",
  "[    4.253772] [drm] No driver support for vblank timestamp query.",
  "[    4.256435] [drm] Screen Target Display device initialized",
  "[    4.256629] [drm] width 640",
  "[    4.256653] [drm] height 480",
  "[    4.256676] [drm] bpp 32",
  "[    4.263695] [drm] Fifo max 0x00040000 min 0x00001000 cap 0x0000077f",
  "[    4.274335] sd 2:0:0:0: [sda] 266338304 512-byte logical blocks: (136 GB/127 GiB)",
  "[    4.274717] sd 2:0:0:0: Attached scsi generic sg1 type 0",
  "[    4.275182] sd 2:0:0:0: [sda] Write Protect is off",
  "[    4.275192] sd 2:0:0:0: [sda] Mode Sense: 61 00 00 00",
  "[    4.275622] sd 2:0:0:0: [sda] Cache data unavailable",
  "[    4.275629] sd 2:0:0:0: [sda] Assuming drive cache: write through",
  "[    4.280162]  sda: sda1 sda2 < sda5 >",
  "[    4.282178] sd 2:0:0:0: [sda] Attached SCSI disk",
  "[    4.284919] [drm] Using command buffers with DMA pool.",
  "[    4.284937] [drm] DX: yes.",
  "[    4.324210] fbcon: svgadrmfb (fb0) is primary device",
  "[    4.375178] Console: switching to colour frame buffer device 100x37",
  "[    4.404137] [drm] Initialized vmwgfx 2.9.0 20150810 for 0000:00:0f.0 on minor 0",
  "[    6.666470] floppy0: no floppy controllers found",
  "[    6.794607] VMware PVSCSI driver - version 1.0.5.0-k",
  "[    6.798709] md: linear personality registered for level -1",
  "[    6.802669] md: multipath personality registered for level -4",
  "[    6.807010] md: raid0 personality registered for level 0",
  "[    6.811652] md: raid1 personality registered for level 1",
  "[    6.889616] raid6: sse2x1   gen()  5072 MB/s",
  "[    6.954376] raid6: sse2x1   xor()  3419 MB/s",
  "[    7.022597] raid6: sse2x2   gen()  5936 MB/s",
  "[    7.090339] raid6: sse2x2   xor()  4060 MB/s",
  "[    7.158552] raid6: sse2x4   gen()  6737 MB/s",
  "[    7.226747] raid6: sse2x4   xor()  4909 MB/s",
  "[    7.294393] raid6: avx2x1   gen()  9439 MB/s",
  "[    7.362580] raid6: avx2x2   gen() 10736 MB/s",
  "[    7.430717] raid6: avx2x4   gen() 13137 MB/s",
  "[    7.430723] raid6: using algorithm avx2x4 gen() 13137 MB/s",
  "[    7.430726] raid6: using avx2x2 recovery algorithm",
  "[    7.432478] xor: automatically using best checksumming function:",
  "[    7.470804]    avx       : 25353.000 MB/sec",
  "[    7.473249] async_tx: api initialized (async)",
  "[    7.485529] md: raid6 personality registered for level 6",
  "[    7.485533] md: raid5 personality registered for level 5",
  "[    7.485534] md: raid4 personality registered for level 4",
  "[    7.496211] md: raid10 personality registered for level 10",
  "[    7.925920] Btrfs loaded",
  "[    8.075647] EXT4-fs (dm-0): mounted filesystem with ordered data mode. Opts: (null)",
  "[    8.312389] systemd[1]: systemd 229 running in system mode. (+PAM +AUDIT +SELINUX +IMA +APPARMOR +SMACK +SYSVINIT +UTMP +LIBCRYPTSETUP +GCRYPT +GNUTLS +ACL +XZ -LZ4 +SECCOMP +BLKID +ELFUTILS +KMOD -IDN)",
  "[    8.312415] systemd[1]: Detected virtualization vmware.",
  "[    8.312419] systemd[1]: Detected architecture x86-64.",
  "[    8.312646] systemd[1]: Set hostname to <vagrant>.",
  "[    8.492134] systemd[1]: Listening on Journal Socket.",
  "[    8.492267] systemd[1]: Listening on udev Kernel Socket.",
  "[    8.492298] systemd[1]: Listening on Syslog Socket.",
  "[    8.492317] systemd[1]: Reached target Encrypted Volumes.",
  "[    8.492369] systemd[1]: Started Trigger resolvconf update for networkd DNS.",
  "[    8.492413] systemd[1]: Started Forward Password Requests to Wall Directory Watch.",
  "[    8.492451] systemd[1]: Listening on LVM2 metadata daemon socket.",
  "[    8.492995] systemd[1]: Created slice System Slice.",
  "[    8.502930] systemd[1]: Starting Uncomplicated firewall...",
  "[    8.507722] systemd[1]: Created slice system-systemd\\x2dfsck.slice.",
  "[    8.510870] systemd[1]: Starting Load Kernel Modules...",
  "[    8.512143] systemd[1]: Mounting RPC Pipe File System...",
  "[    8.513767] systemd[1]: Started Braille Device Support.",
  "[    8.517496] systemd[1]: Mounting VMware vmblock fuse mount...",
  "[    8.521059] systemd[1]: Mounting Debug File System...",
  "[    8.521953] systemd[1]: Created slice User and Session Slice.",
  "[    8.522142] systemd[1]: Listening on /dev/initctl Compatibility Named Pipe.",
  "[    8.522244] systemd[1]: Listening on Device-mapper event daemon FIFOs.",
  "[    8.528888] systemd[1]: Starting Monitoring of LVM2 mirrors, snapshots etc. using dmeventd or progress polling...",
  "[    8.529010] systemd[1]: Listening on Journal Audit Socket.",
  "[    8.529065] systemd[1]: Listening on LVM2 poll daemon socket.",
  "[    8.529091] systemd[1]: Reached target Slices.",
  "[    8.529134] systemd[1]: Listening on fsck to fsckd communication Socket.",
  "[    8.529155] systemd[1]: Reached target User and Group Name Lookups.",
  "[    8.529196] systemd[1]: Listening on Journal Socket (/dev/log).",
  "[    8.529965] systemd[1]: Starting Journal Service...",
  "[    8.532261] systemd[1]: Mounting Huge Pages File System...",
  "[    8.533108] systemd[1]: Starting Set console keymap...",
  "[    8.533375] systemd[1]: Set up automount Arbitrary Executable File Formats File System Automount Point.",
  "[    8.537860] systemd[1]: Listening on udev Control Socket.",
  "[    8.538808] systemd[1]: Starting Create list of required static device nodes for the current kernel...",
  "[    8.539670] systemd[1]: Mounting POSIX Message Queue File System...",
  "[    8.541526] systemd[1]: Mounted Debug File System.",
  "[    8.541938] systemd[1]: Mounted Huge Pages File System.",
  "[    8.554247] systemd[1]: Mounted POSIX Message Queue File System.",
  "[    8.559443] systemd[1]: Started Create list of required static device nodes for the current kernel.",
  "[    8.567533] systemd[1]: Started Uncomplicated firewall.",
  "[    8.575915] random: nonblocking pool is initialized",
  "[    8.580202] RPC: Registered named UNIX socket transport module.",
  "[    8.580206] RPC: Registered udp transport module.",
  "[    8.580208] RPC: Registered tcp transport module.",
  "[    8.580209] RPC: Registered tcp NFSv4.1 backchannel transport module.",
  "[    8.582062] systemd[1]: Mounted RPC Pipe File System.",
  "[    8.594610] systemd[1]: Starting Create Static Device Nodes in /dev...",
  "[    8.598141] systemd[1]: Started LVM2 metadata daemon.",
  "[    8.615670] systemd[1]: Mounted VMware vmblock fuse mount.",
  "[    8.617839] lp: driver loaded but no devices found",
  "[    8.621497] ppdev: user-space parallel port driver",
  "[    8.634002] Loading iSCSI transport class v2.0-870.",
  "[    8.646799] iscsi: registered transport (tcp)",
  "[    8.683722] systemd[1]: Started Create Static Device Nodes in /dev.",
  "[    8.694751] systemd[1]: Starting udev Kernel Device Manager...",
  "[    8.723481] iscsi: registered transport (iser)",
  "[    8.724520] systemd[1]: Started Load Kernel Modules.",
  "[    8.725549] systemd[1]: Starting Apply Kernel Variables...",
  "[    8.726537] systemd[1]: Mounting FUSE Control File System...",
  "[    8.737450] systemd[1]: Mounted FUSE Control File System.",
  "[    8.752001] systemd[1]: Started Set console keymap.",
  "[    8.762157] systemd[1]: Started Apply Kernel Variables.",
  "[    8.770634] systemd[1]: Started Journal Service.",
  "[    8.893894] EXT4-fs (dm-0): re-mounted. Opts: errors=remount-ro",
  "[    8.925797] systemd-journald[422]: Received request to flush runtime journal from PID 1",
  "[    9.735333] shpchp: Standard Hot Plug PCI Controller Driver version: 0.4",
  "[    9.748825] piix4_smbus 0000:00:07.3: SMBus Host Controller not enabled!",
  "[    9.771636] vmw_vmci 0000:00:07.7: Found VMCI PCI device at 0x11080, irq 16",
  "[    9.772040] vmw_vmci 0000:00:07.7: Using capabilities 0xc",
  "[    9.775207] Guest personality initialized and is active",
  "[    9.780436] VMCI host device registered (name=vmci, major=10, minor=55)",
  "[    9.780440] Initialized host personality",
  "[   10.176383] intel_rapl: no valid rapl domains found in package 0",
  "[   10.212033] intel_rapl: no valid rapl domains found in package 0",
  "[   10.648683] Adding 1048572k swap on /dev/mapper/vagrant--vg-swap_1.  Priority:-1 extents:1 across:1048572k FS",
  "[   10.726366] EXT4-fs (sda1): mounting ext2 file system using the ext4 subsystem",
  "[   10.731409] EXT4-fs (sda1): mounted filesystem without journal. Opts: (null)",
  "[   10.991851] audit: type=1400 audit(1511570659.308:2): apparmor=\"STATUS\" operation=\"profile_load\" profile=\"unconfined\" name=\"lxc-container-default\" pid=915 comm=\"apparmor_parser\"",
  "[   10.991865] audit: type=1400 audit(1511570659.308:3): apparmor=\"STATUS\" operation=\"profile_load\" profile=\"unconfined\" name=\"lxc-container-default-cgns\" pid=915 comm=\"apparmor_parser\"",
  "[   10.991872] audit: type=1400 audit(1511570659.308:4): apparmor=\"STATUS\" operation=\"profile_load\" profile=\"unconfined\" name=\"lxc-container-default-with-mounting\" pid=915 comm=\"apparmor_parser\"",
  "[   10.991878] audit: type=1400 audit(1511570659.308:5): apparmor=\"STATUS\" operation=\"profile_load\" profile=\"unconfined\" name=\"lxc-container-default-with-nesting\" pid=915 comm=\"apparmor_parser\"",
  "[   11.003814] audit: type=1400 audit(1511570659.320:6): apparmor=\"STATUS\" operation=\"profile_load\" profile=\"unconfined\" name=\"/sbin/dhclient\" pid=916 comm=\"apparmor_parser\"",
  "[   11.003826] audit: type=1400 audit(1511570659.320:7): apparmor=\"STATUS\" operation=\"profile_load\" profile=\"unconfined\" name=\"/usr/lib/NetworkManager/nm-dhcp-client.action\" pid=916 comm=\"apparmor_parser\""
]

